../Core/Src/main.c:68:5:main	8	static
../Core/Src/main.c:118:6:SystemClock_Config	88	static
../Core/Src/main.c:181:17:GetSector	24	static
../Core/Src/main.c:195:6:Flash_Write	112	dynamic
../Core/Src/main.c:251:6:Flash_Read	64	dynamic,ignoring_inline_asm
../Core/Src/main.c:280:6:Test1_FlashInChip	56	static
../Core/Src/main.c:368:6:Test2_FlashInChip	336	dynamic,ignoring_inline_asm
../Core/Src/main.c:643:6:Test3_FlashInChip	80	dynamic
../Core/Src/main.c:669:5:__io_putchar	16	static
../Core/Src/main.c:680:6:Error_Handler	4	static,ignoring_inline_asm
